core_cm4.h:2064:26:ITM_SendChar	16	static,ignoring_inline_asm
main.c:96:5:main	8	static
main.c:181:6:SystemClock_Config	88	static
main.c:226:13:MX_ADC1_Init	48	static
main.c:288:13:MX_SPI1_Init	8	static
main.c:326:13:MX_TIM2_Init	48	static
main.c:375:13:MX_TIM3_Init	48	static
main.c:424:13:MX_TIM5_Init	48	static
main.c:476:13:MX_USART2_UART_Init	8	static
main.c:507:13:MX_DMA_Init	16	static
main.c:528:13:MX_GPIO_Init	48	static
main.c:581:5:_write	32	static
main.c:605:6:drawGraph	208	static
main.c:676:6:showAdcData	32	static
main.c:705:6:HAL_GPIO_EXTI_Callback	16	static
main.c:719:6:HAL_ADC_LevelOutOfWindowCallback	16	static
main.c:735:6:HAL_TIM_OC_DelayElapsedCallback	16	static
main.c:749:6:Error_Handler	4	static,ignoring_inline_asm
